// Jest Snapshot v1, https://goo.gl/fbAQLP

exports[`Unions should work in a schema 2`] = `undefined`;
