// Jest Snapshot v1, https://goo.gl/fbAQLP

exports[`Query should not allow wrong argument types 1`] = `
Array [
  [GraphQLError: String cannot represent a non string value: 2],
]
`;
