// Jest Snapshot v1, https://goo.gl/fbAQLP

exports[`@Inject Will throw if trying to mark argument both with @Inject and @Arg 1`] = `"@Type Foo.bar(test <-------): Argument cannot be marked wiht both @Arg and @Inject or custom injector"`;
