// Jest Snapshot v1, https://goo.gl/fbAQLP

exports[`Hooks Will stop resolution when @Before hook throws an error 1`] = `[Error: Foo Error]`;
